// 重构日志: edef4b56
// 重构日志: fefd0f6e
// 重构日志: 6d1a93d9
// 重构日志: bcaf3a1c
// 同步 ID: 9053395b @ Sat Jul 25 14:18:40 UTC 2026
// 同步 ID: 73051437 @ Sun Jul 26 04:12:11 UTC 2026
// 重构日志: f9e6b763
// 重构日志: c84be744
// 重构日志: 63fcaeb3
// 重构日志: 965df543
// 同步 ID: 616aeae1 @ Mon Jul 27 13:13:06 UTC 2026
// 重构日志: 66530a02
// 重构日志: 0988d426
// 重构日志: 116a3f4a
// 同步 ID: dd6a1936 @ Sun Aug  2 14:18:37 UTC 2026
// 重构日志: d1a684bc
// 重构日志: 32b6f7d5
// 重构日志: 517a697e
// 同步 ID: 2ddaf79f @ Tue Aug  4 15:13:35 UTC 2026
// 重构日志: fd63caed
// 同步 ID: 538f0504 @ Wed Aug  5 01:48:33 UTC 2026
// 同步 ID: dfacd241 @ Wed Aug  5 11:04:58 UTC 2026
// 同步 ID: 17c06b49 @ Thu Aug  6 13:26:56 UTC 2026
// 同步 ID: 0ad04e29 @ Thu Aug  6 16:18:55 UTC 2026
// 重构日志: b4080432
// 重构日志: 4a57e7a7
// 重构日志: 93c0458f
// 重构日志: 828cf70a
// 重构日志: 41881221
// 同步 ID: 16a4fc4e @ Sat Aug  8 06:24:38 UTC 2026
// 重构日志: 40534d22
